[HOOK-INIT] Loaded 30 raw events
[HOOK-INIT] Bound to device: 7
[PROBE-FWD] Time    1 -> Module: Conv2d_1a_3x3.conv
[PROBE-FWD] Time    2 -> Module: Conv2d_1a_3x3.bn
[PROBE-FWD] Time    3 -> Module: relu_relu
[PROBE-FWD] Time    4 -> Module: Conv2d_2a_3x3.conv
[PROBE-FWD] Time    5 -> Module: Conv2d_2a_3x3.bn
[PROBE-FWD] Time    6 -> Module: relu_relu_1
[PROBE-FWD] Time    7 -> Module: Conv2d_2b_3x3.conv
[PROBE-FWD] Time    8 -> Module: Conv2d_2b_3x3.bn
[PROBE-FWD] Time    9 -> Module: relu_relu_2
[PROBE-FWD] Time   10 -> Module: maxpool1
[PROBE-FWD] Time   11 -> Module: Conv2d_3b_1x1.conv
[PROBE-FWD] Time   12 -> Module: Conv2d_3b_1x1.bn
[PROBE-FWD] Time   13 -> Module: relu_relu_3
[PROBE-FWD] Time   14 -> Module: Conv2d_4a_3x3.conv
[PROBE-FWD] Time   15 -> Module: Conv2d_4a_3x3.bn
[PROBE-FWD] Time   16 -> Module: relu_relu_4
[PROBE-FWD] Time   17 -> Module: maxpool2
[PROBE-FWD] Time   18 -> Module: Mixed_5b.branch1x1.conv
[PROBE-FWD] Time   19 -> Module: Mixed_5b.branch1x1.bn
[PROBE-FWD] Time   20 -> Module: relu_relu_5
[PROBE-FWD] Time   21 -> Module: Mixed_5b.branch5x5_1.conv
[PROBE-FWD] Time   22 -> Module: Mixed_5b.branch5x5_1.bn
[PROBE-FWD] Time   23 -> Module: relu_relu_6
[PROBE-FWD] Time   24 -> Module: Mixed_5b.branch5x5_2.conv
[PROBE-FWD] Time   25 -> Module: Mixed_5b.branch5x5_2.bn
[PROBE-FWD] Time   26 -> Module: relu_relu_7
[PROBE-FWD] Time   27 -> Module: Mixed_5b.branch3x3dbl_1.conv
[PROBE-FWD] Time   28 -> Module: Mixed_5b.branch3x3dbl_1.bn
[PROBE-FWD] Time   29 -> Module: relu_relu_8
[PROBE-FWD] Time   30 -> Module: Mixed_5b.branch3x3dbl_2.conv
[PROBE-FWD] Time   31 -> Module: Mixed_5b.branch3x3dbl_2.bn
[PROBE-FWD] Time   32 -> Module: relu_relu_9
[PROBE-FWD] Time   33 -> Module: Mixed_5b.branch3x3dbl_3.conv
[PROBE-FWD] Time   34 -> Module: Mixed_5b.branch3x3dbl_3.bn
[PROBE-FWD] Time   35 -> Module: relu_relu_10
[PROBE-FWD] Time   36 -> Module: avgpool_avg_pool2d
[PROBE-FWD] Time   37 -> Module: Mixed_5b.branch_pool.conv
[PROBE-FWD] Time   38 -> Module: Mixed_5b.branch_pool.bn
[PROBE-FWD] Time   39 -> Module: relu_relu_11
[PROBE-FWD] Time   40 -> Module: cat_cat
[PROBE-FWD] Time   41 -> Module: Mixed_5c.branch1x1.conv
[PROBE-FWD] Time   42 -> Module: Mixed_5c.branch1x1.bn
[PROBE-FWD] Time   43 -> Module: relu_relu_12
[PROBE-FWD] Time   44 -> Module: Mixed_5c.branch5x5_1.conv
[PROBE-FWD] Time   45 -> Module: Mixed_5c.branch5x5_1.bn
[PROBE-FWD] Time   46 -> Module: relu_relu_13
[PROBE-FWD] Time   47 -> Module: Mixed_5c.branch5x5_2.conv
[PROBE-FWD] Time   48 -> Module: Mixed_5c.branch5x5_2.bn
[PROBE-FWD] Time   49 -> Module: relu_relu_14
[PROBE-FWD] Time   50 -> Module: Mixed_5c.branch3x3dbl_1.conv
[PROBE-FWD] Time   51 -> Module: Mixed_5c.branch3x3dbl_1.bn
[PROBE-FWD] Time   52 -> Module: relu_relu_15
[PROBE-FWD] Time   53 -> Module: Mixed_5c.branch3x3dbl_2.conv
[PROBE-FWD] Time   54 -> Module: Mixed_5c.branch3x3dbl_2.bn
[PROBE-FWD] Time   55 -> Module: relu_relu_16
[PROBE-FWD] Time   56 -> Module: Mixed_5c.branch3x3dbl_3.conv
[PROBE-FWD] Time   57 -> Module: Mixed_5c.branch3x3dbl_3.bn
[PROBE-FWD] Time   58 -> Module: relu_relu_17
[PROBE-FWD] Time   59 -> Module: avgpool_avg_pool2d_1
[PROBE-FWD] Time   60 -> Module: Mixed_5c.branch_pool.conv
[PROBE-FWD] Time   61 -> Module: Mixed_5c.branch_pool.bn
[PROBE-FWD] Time   62 -> Module: relu_relu_18
[PROBE-FWD] Time   63 -> Module: cat_cat_1
[PROBE-FWD] Time   64 -> Module: Mixed_5d.branch1x1.conv
[PROBE-FWD] Time   65 -> Module: Mixed_5d.branch1x1.bn
[PROBE-FWD] Time   66 -> Module: relu_relu_19
[PROBE-FWD] Time   67 -> Module: Mixed_5d.branch5x5_1.conv
[PROBE-FWD] Time   68 -> Module: Mixed_5d.branch5x5_1.bn
[PROBE-FWD] Time   69 -> Module: relu_relu_20
[PROBE-FWD] Time   70 -> Module: Mixed_5d.branch5x5_2.conv
[PROBE-FWD] Time   71 -> Module: Mixed_5d.branch5x5_2.bn
[PROBE-FWD] Time   72 -> Module: relu_relu_21
[PROBE-FWD] Time   73 -> Module: Mixed_5d.branch3x3dbl_1.conv
[PROBE-FWD] Time   74 -> Module: Mixed_5d.branch3x3dbl_1.bn
[PROBE-FWD] Time   75 -> Module: relu_relu_22
[PROBE-FWD] Time   76 -> Module: Mixed_5d.branch3x3dbl_2.conv
[PROBE-FWD] Time   77 -> Module: Mixed_5d.branch3x3dbl_2.bn
[PROBE-FWD] Time   78 -> Module: relu_relu_23
[PROBE-FWD] Time   79 -> Module: Mixed_5d.branch3x3dbl_3.conv
[PROBE-FWD] Time   80 -> Module: Mixed_5d.branch3x3dbl_3.bn
[PROBE-FWD] Time   81 -> Module: relu_relu_24
[PROBE-FWD] Time   82 -> Module: avgpool_avg_pool2d_2
[PROBE-FWD] Time   83 -> Module: Mixed_5d.branch_pool.conv
[PROBE-FWD] Time   84 -> Module: Mixed_5d.branch_pool.bn
[PROBE-FWD] Time   85 -> Module: relu_relu_25
[PROBE-FWD] Time   86 -> Module: cat_cat_2
[PROBE-FWD] Time   87 -> Module: Mixed_6a.branch3x3.conv
[PROBE-FWD] Time   88 -> Module: Mixed_6a.branch3x3.bn
[PROBE-FWD] Time   89 -> Module: relu_relu_26
[PROBE-FWD] Time   90 -> Module: Mixed_6a.branch3x3dbl_1.conv
[PROBE-FWD] Time   91 -> Module: Mixed_6a.branch3x3dbl_1.bn
[PROBE-FWD] Time   92 -> Module: relu_relu_27
[PROBE-FWD] Time   93 -> Module: Mixed_6a.branch3x3dbl_2.conv
[PROBE-FWD] Time   94 -> Module: Mixed_6a.branch3x3dbl_2.bn
[PROBE-FWD] Time   95 -> Module: relu_relu_28
[PROBE-FWD] Time   96 -> Module: Mixed_6a.branch3x3dbl_3.conv
[PROBE-FWD] Time   97 -> Module: Mixed_6a.branch3x3dbl_3.bn
[PROBE-FWD] Time   98 -> Module: relu_relu_29
[PROBE-FWD] Time   99 -> Module: maxpool_max_pool2d
[PROBE-FWD] Time  100 -> Module: cat_cat_3
[PROBE-FWD] Time  101 -> Module: Mixed_6b.branch1x1.conv
[PROBE-FWD] Time  102 -> Module: Mixed_6b.branch1x1.bn
[PROBE-FWD] Time  103 -> Module: relu_relu_30
[PROBE-FWD] Time  104 -> Module: Mixed_6b.branch7x7_1.conv
[PROBE-FWD] Time  105 -> Module: Mixed_6b.branch7x7_1.bn
[PROBE-FWD] Time  106 -> Module: relu_relu_31
[PROBE-FWD] Time  107 -> Module: Mixed_6b.branch7x7_2.conv
[PROBE-FWD] Time  108 -> Module: Mixed_6b.branch7x7_2.bn
[PROBE-FWD] Time  109 -> Module: relu_relu_32
[PROBE-FWD] Time  110 -> Module: Mixed_6b.branch7x7_3.conv
[PROBE-FWD] Time  111 -> Module: Mixed_6b.branch7x7_3.bn
[PROBE-FWD] Time  112 -> Module: relu_relu_33
[PROBE-FWD] Time  113 -> Module: Mixed_6b.branch7x7dbl_1.conv
[PROBE-FWD] Time  114 -> Module: Mixed_6b.branch7x7dbl_1.bn
[PROBE-FWD] Time  115 -> Module: relu_relu_34
[PROBE-FWD] Time  116 -> Module: Mixed_6b.branch7x7dbl_2.conv
[PROBE-FWD] Time  117 -> Module: Mixed_6b.branch7x7dbl_2.bn
[PROBE-FWD] Time  118 -> Module: relu_relu_35
[PROBE-FWD] Time  119 -> Module: Mixed_6b.branch7x7dbl_3.conv
[PROBE-FWD] Time  120 -> Module: Mixed_6b.branch7x7dbl_3.bn
[PROBE-FWD] Time  121 -> Module: relu_relu_36
[PROBE-FWD] Time  122 -> Module: Mixed_6b.branch7x7dbl_4.conv
[PROBE-FWD] Time  123 -> Module: Mixed_6b.branch7x7dbl_4.bn
[PROBE-FWD] Time  124 -> Module: relu_relu_37
[PROBE-FWD] Time  125 -> Module: Mixed_6b.branch7x7dbl_5.conv
[PROBE-FWD] Time  126 -> Module: Mixed_6b.branch7x7dbl_5.bn
[PROBE-FWD] Time  127 -> Module: relu_relu_38
[PROBE-FWD] Time  128 -> Module: avgpool_avg_pool2d_3
[PROBE-FWD] Time  129 -> Module: Mixed_6b.branch_pool.conv
[PROBE-FWD] Time  130 -> Module: Mixed_6b.branch_pool.bn
[PROBE-FWD] Time  131 -> Module: relu_relu_39
[PROBE-FWD] Time  132 -> Module: cat_cat_4
[PROBE-FWD] Time  133 -> Module: Mixed_6c.branch1x1.conv
[PROBE-FWD] Time  134 -> Module: Mixed_6c.branch1x1.bn
[PROBE-FWD] Time  135 -> Module: relu_relu_40
[PROBE-FWD] Time  136 -> Module: Mixed_6c.branch7x7_1.conv
[PROBE-FWD] Time  137 -> Module: Mixed_6c.branch7x7_1.bn
[PROBE-FWD] Time  138 -> Module: relu_relu_41
[PROBE-FWD] Time  139 -> Module: Mixed_6c.branch7x7_2.conv
[PROBE-FWD] Time  140 -> Module: Mixed_6c.branch7x7_2.bn
[PROBE-FWD] Time  141 -> Module: relu_relu_42
[PROBE-FWD] Time  142 -> Module: Mixed_6c.branch7x7_3.conv
[PROBE-FWD] Time  143 -> Module: Mixed_6c.branch7x7_3.bn
[PROBE-FWD] Time  144 -> Module: relu_relu_43
[PROBE-FWD] Time  145 -> Module: Mixed_6c.branch7x7dbl_1.conv
[PROBE-FWD] Time  146 -> Module: Mixed_6c.branch7x7dbl_1.bn
[PROBE-FWD] Time  147 -> Module: relu_relu_44
[PROBE-FWD] Time  148 -> Module: Mixed_6c.branch7x7dbl_2.conv
[PROBE-FWD] Time  149 -> Module: Mixed_6c.branch7x7dbl_2.bn
[PROBE-FWD] Time  150 -> Module: relu_relu_45
[PROBE-FWD] Time  151 -> Module: Mixed_6c.branch7x7dbl_3.conv
[PROBE-FWD] Time  152 -> Module: Mixed_6c.branch7x7dbl_3.bn
[PROBE-FWD] Time  153 -> Module: relu_relu_46
[PROBE-FWD] Time  154 -> Module: Mixed_6c.branch7x7dbl_4.conv
[PROBE-FWD] Time  155 -> Module: Mixed_6c.branch7x7dbl_4.bn
[PROBE-FWD] Time  156 -> Module: relu_relu_47
[PROBE-FWD] Time  157 -> Module: Mixed_6c.branch7x7dbl_5.conv
[PROBE-FWD] Time  158 -> Module: Mixed_6c.branch7x7dbl_5.bn
[PROBE-FWD] Time  159 -> Module: relu_relu_48
[PROBE-FWD] Time  160 -> Module: avgpool_avg_pool2d_4
[PROBE-FWD] Time  161 -> Module: Mixed_6c.branch_pool.conv
[PROBE-FWD] Time  162 -> Module: Mixed_6c.branch_pool.bn
[PROBE-FWD] Time  163 -> Module: relu_relu_49
[PROBE-FWD] Time  164 -> Module: cat_cat_5
[PROBE-FWD] Time  165 -> Module: Mixed_6d.branch1x1.conv
[PROBE-FWD] Time  166 -> Module: Mixed_6d.branch1x1.bn
[PROBE-FWD] Time  167 -> Module: relu_relu_50
[PROBE-FWD] Time  168 -> Module: Mixed_6d.branch7x7_1.conv
[PROBE-FWD] Time  169 -> Module: Mixed_6d.branch7x7_1.bn
[PROBE-FWD] Time  170 -> Module: relu_relu_51
[PROBE-FWD] Time  171 -> Module: Mixed_6d.branch7x7_2.conv
[PROBE-FWD] Time  172 -> Module: Mixed_6d.branch7x7_2.bn
[PROBE-FWD] Time  173 -> Module: relu_relu_52
[PROBE-FWD] Time  174 -> Module: Mixed_6d.branch7x7_3.conv
[PROBE-FWD] Time  175 -> Module: Mixed_6d.branch7x7_3.bn
[PROBE-FWD] Time  176 -> Module: relu_relu_53
[PROBE-FWD] Time  177 -> Module: Mixed_6d.branch7x7dbl_1.conv
[PROBE-FWD] Time  178 -> Module: Mixed_6d.branch7x7dbl_1.bn
[PROBE-FWD] Time  179 -> Module: relu_relu_54
[PROBE-FWD] Time  180 -> Module: Mixed_6d.branch7x7dbl_2.conv
[PROBE-FWD] Time  181 -> Module: Mixed_6d.branch7x7dbl_2.bn
[PROBE-FWD] Time  182 -> Module: relu_relu_55
[PROBE-FWD] Time  183 -> Module: Mixed_6d.branch7x7dbl_3.conv
[PROBE-FWD] Time  184 -> Module: Mixed_6d.branch7x7dbl_3.bn
[PROBE-FWD] Time  185 -> Module: relu_relu_56
[PROBE-FWD] Time  186 -> Module: Mixed_6d.branch7x7dbl_4.conv
[PROBE-FWD] Time  187 -> Module: Mixed_6d.branch7x7dbl_4.bn
[PROBE-FWD] Time  188 -> Module: relu_relu_57
[PROBE-FWD] Time  189 -> Module: Mixed_6d.branch7x7dbl_5.conv
[PROBE-FWD] Time  190 -> Module: Mixed_6d.branch7x7dbl_5.bn
[PROBE-FWD] Time  191 -> Module: relu_relu_58
[PROBE-FWD] Time  192 -> Module: avgpool_avg_pool2d_5
[PROBE-FWD] Time  193 -> Module: Mixed_6d.branch_pool.conv
[PROBE-FWD] Time  194 -> Module: Mixed_6d.branch_pool.bn
[PROBE-FWD] Time  195 -> Module: relu_relu_59
[PROBE-FWD] Time  196 -> Module: cat_cat_6
[PROBE-FWD] Time  197 -> Module: Mixed_6e.branch1x1.conv
[PROBE-FWD] Time  198 -> Module: Mixed_6e.branch1x1.bn
[PROBE-FWD] Time  199 -> Module: relu_relu_60
[PROBE-FWD] Time  200 -> Module: Mixed_6e.branch7x7_1.conv
[PROBE-FWD] Time  201 -> Module: Mixed_6e.branch7x7_1.bn
[PROBE-FWD] Time  202 -> Module: relu_relu_61
[PROBE-FWD] Time  203 -> Module: Mixed_6e.branch7x7_2.conv
[PROBE-FWD] Time  204 -> Module: Mixed_6e.branch7x7_2.bn
[PROBE-FWD] Time  205 -> Module: relu_relu_62
[PROBE-FWD] Time  206 -> Module: Mixed_6e.branch7x7_3.conv
[PROBE-FWD] Time  207 -> Module: Mixed_6e.branch7x7_3.bn
[PROBE-FWD] Time  208 -> Module: relu_relu_63
[PROBE-FWD] Time  209 -> Module: Mixed_6e.branch7x7dbl_1.conv
[PROBE-FWD] Time  210 -> Module: Mixed_6e.branch7x7dbl_1.bn
[PROBE-FWD] Time  211 -> Module: relu_relu_64
[PROBE-FWD] Time  212 -> Module: Mixed_6e.branch7x7dbl_2.conv
[PROBE-FWD] Time  213 -> Module: Mixed_6e.branch7x7dbl_2.bn
[PROBE-FWD] Time  214 -> Module: relu_relu_65
[PROBE-FWD] Time  215 -> Module: Mixed_6e.branch7x7dbl_3.conv
[PROBE-FWD] Time  216 -> Module: Mixed_6e.branch7x7dbl_3.bn
[PROBE-FWD] Time  217 -> Module: relu_relu_66
[PROBE-FWD] Time  218 -> Module: Mixed_6e.branch7x7dbl_4.conv
[PROBE-FWD] Time  219 -> Module: Mixed_6e.branch7x7dbl_4.bn
[PROBE-FWD] Time  220 -> Module: relu_relu_67
[PROBE-FWD] Time  221 -> Module: Mixed_6e.branch7x7dbl_5.conv
[PROBE-FWD] Time  222 -> Module: Mixed_6e.branch7x7dbl_5.bn
[PROBE-FWD] Time  223 -> Module: relu_relu_68
[PROBE-FWD] Time  224 -> Module: avgpool_avg_pool2d_6
[PROBE-FWD] Time  225 -> Module: Mixed_6e.branch_pool.conv
[PROBE-FWD] Time  226 -> Module: Mixed_6e.branch_pool.bn
[PROBE-FWD] Time  227 -> Module: relu_relu_69
[PROBE-FWD] Time  228 -> Module: cat_cat_7
[PROBE-FWD] Time  229 -> Module: Mixed_7a.branch3x3_1.conv
[PROBE-FWD] Time  230 -> Module: Mixed_7a.branch3x3_1.bn
[PROBE-FWD] Time  231 -> Module: relu_relu_70
[PROBE-FWD] Time  232 -> Module: Mixed_7a.branch3x3_2.conv
[PROBE-FWD] Time  233 -> Module: Mixed_7a.branch3x3_2.bn
[PROBE-FWD] Time  234 -> Module: relu_relu_71
[PROBE-FWD] Time  235 -> Module: Mixed_7a.branch7x7x3_1.conv
[PROBE-FWD] Time  236 -> Module: Mixed_7a.branch7x7x3_1.bn
[PROBE-FWD] Time  237 -> Module: relu_relu_72
[PROBE-FWD] Time  238 -> Module: Mixed_7a.branch7x7x3_2.conv
[PROBE-FWD] Time  239 -> Module: Mixed_7a.branch7x7x3_2.bn
[PROBE-FWD] Time  240 -> Module: relu_relu_73
[PROBE-FWD] Time  241 -> Module: Mixed_7a.branch7x7x3_3.conv
[PROBE-FWD] Time  242 -> Module: Mixed_7a.branch7x7x3_3.bn
[PROBE-FWD] Time  243 -> Module: relu_relu_74
[PROBE-FWD] Time  244 -> Module: Mixed_7a.branch7x7x3_4.conv
[PROBE-FWD] Time  245 -> Module: Mixed_7a.branch7x7x3_4.bn
[PROBE-FWD] Time  246 -> Module: relu_relu_75
[PROBE-FWD] Time  247 -> Module: maxpool_max_pool2d_1
[PROBE-FWD] Time  248 -> Module: cat_cat_8
[PROBE-FWD] Time  249 -> Module: Mixed_7b.branch1x1.conv
[PROBE-FWD] Time  250 -> Module: Mixed_7b.branch1x1.bn
[PROBE-FWD] Time  251 -> Module: relu_relu_76
[PROBE-FWD] Time  252 -> Module: Mixed_7b.branch3x3_1.conv
[PROBE-FWD] Time  253 -> Module: Mixed_7b.branch3x3_1.bn
[PROBE-FWD] Time  254 -> Module: relu_relu_77
[PROBE-FWD] Time  255 -> Module: Mixed_7b.branch3x3_2a.conv
[PROBE-FWD] Time  256 -> Module: Mixed_7b.branch3x3_2a.bn
[PROBE-FWD] Time  257 -> Module: relu_relu_78
[PROBE-FWD] Time  258 -> Module: Mixed_7b.branch3x3_2b.conv
[PROBE-FWD] Time  259 -> Module: Mixed_7b.branch3x3_2b.bn
[PROBE-FWD] Time  260 -> Module: relu_relu_79
[PROBE-FWD] Time  261 -> Module: cat_cat_9
[PROBE-FWD] Time  262 -> Module: Mixed_7b.branch3x3dbl_1.conv
[PROBE-FWD] Time  263 -> Module: Mixed_7b.branch3x3dbl_1.bn
[PROBE-FWD] Time  264 -> Module: relu_relu_80
[PROBE-FWD] Time  265 -> Module: Mixed_7b.branch3x3dbl_2.conv
[PROBE-FWD] Time  266 -> Module: Mixed_7b.branch3x3dbl_2.bn
[PROBE-FWD] Time  267 -> Module: relu_relu_81
[PROBE-FWD] Time  268 -> Module: Mixed_7b.branch3x3dbl_3a.conv
[PROBE-FWD] Time  269 -> Module: Mixed_7b.branch3x3dbl_3a.bn
[PROBE-FWD] Time  270 -> Module: relu_relu_82
[PROBE-FWD] Time  271 -> Module: Mixed_7b.branch3x3dbl_3b.conv
[PROBE-FWD] Time  272 -> Module: Mixed_7b.branch3x3dbl_3b.bn
[PROBE-FWD] Time  273 -> Module: relu_relu_83
[PROBE-FWD] Time  274 -> Module: cat_cat_10
[PROBE-FWD] Time  275 -> Module: avgpool_avg_pool2d_7
[PROBE-FWD] Time  276 -> Module: Mixed_7b.branch_pool.conv
[PROBE-FWD] Time  277 -> Module: Mixed_7b.branch_pool.bn
[PROBE-FWD] Time  278 -> Module: relu_relu_84
[PROBE-FWD] Time  279 -> Module: cat_cat_11
[PROBE-FWD] Time  280 -> Module: Mixed_7c.branch1x1.conv
[PROBE-FWD] Time  281 -> Module: Mixed_7c.branch1x1.bn
[PROBE-FWD] Time  282 -> Module: relu_relu_85
[PROBE-FWD] Time  283 -> Module: Mixed_7c.branch3x3_1.conv
[PROBE-FWD] Time  284 -> Module: Mixed_7c.branch3x3_1.bn
[PROBE-FWD] Time  285 -> Module: relu_relu_86
[PROBE-FWD] Time  286 -> Module: Mixed_7c.branch3x3_2a.conv
[PROBE-FWD] Time  287 -> Module: Mixed_7c.branch3x3_2a.bn
[PROBE-FWD] Time  288 -> Module: relu_relu_87
[PROBE-FWD] Time  289 -> Module: Mixed_7c.branch3x3_2b.conv
[PROBE-FWD] Time  290 -> Module: Mixed_7c.branch3x3_2b.bn
[PROBE-FWD] Time  291 -> Module: relu_relu_88
[PROBE-FWD] Time  292 -> Module: cat_cat_12
[PROBE-FWD] Time  293 -> Module: Mixed_7c.branch3x3dbl_1.conv
[PROBE-FWD] Time  294 -> Module: Mixed_7c.branch3x3dbl_1.bn
[PROBE-FWD] Time  295 -> Module: relu_relu_89
[PROBE-FWD] Time  296 -> Module: Mixed_7c.branch3x3dbl_2.conv
[PROBE-FWD] Time  297 -> Module: Mixed_7c.branch3x3dbl_2.bn
[PROBE-FWD] Time  298 -> Module: relu_relu_90
[PROBE-FWD] Time  299 -> Module: Mixed_7c.branch3x3dbl_3a.conv
[PROBE-FWD] Time  300 -> Module: Mixed_7c.branch3x3dbl_3a.bn
[PROBE-FWD] Time  301 -> Module: relu_relu_91
[PROBE-FWD] Time  302 -> Module: Mixed_7c.branch3x3dbl_3b.conv
[PROBE-FWD] Time  303 -> Module: Mixed_7c.branch3x3dbl_3b.bn
[PROBE-FWD] Time  304 -> Module: relu_relu_92
[PROBE-FWD] Time  305 -> Module: cat_cat_13
[PROBE-FWD] Time  306 -> Module: avgpool_avg_pool2d_8
[PROBE-FWD] Time  307 -> Module: Mixed_7c.branch_pool.conv
[PROBE-FWD] Time  308 -> Module: Mixed_7c.branch_pool.bn
[PROBE-FWD] Time  309 -> Module: relu_relu_93
[PROBE-FWD] Time  310 -> Module: cat_cat_14
[PROBE-FWD] Time  311 -> Module: avgpool
[PROBE-FWD] Time  312 -> Module: dropout
[PROBE-FWD] Time  313 -> Module: fc
[PROBE-BWD] Time  314 -> Module: fc
[PROBE-BWD] Time  315 -> Module: dropout
[PROBE-BWD] Time  316 -> Module: avgpool
[PROBE-BWD] Time  317 -> Module: cat_cat_14
[PROBE-BWD] Time  318 -> Module: relu_relu_93
[PROBE-BWD] Time  319 -> Module: Mixed_7c.branch_pool.bn
[PROBE-BWD] Time  320 -> Module: Mixed_7c.branch_pool.conv
[PROBE-BWD] Time  321 -> Module: avgpool_avg_pool2d_8
[PROBE-BWD] Time  322 -> Module: cat_cat_13
[PROBE-BWD] Time  323 -> Module: relu_relu_92
[PROBE-BWD] Time  324 -> Module: Mixed_7c.branch3x3dbl_3b.bn
[PROBE-BWD] Time  325 -> Module: Mixed_7c.branch3x3dbl_3b.conv
[PROBE-BWD] Time  326 -> Module: relu_relu_91
[PROBE-BWD] Time  327 -> Module: Mixed_7c.branch3x3dbl_3a.bn
[PROBE-BWD] Time  328 -> Module: Mixed_7c.branch3x3dbl_3a.conv
[PROBE-BWD] Time  329 -> Module: relu_relu_90
[PROBE-BWD] Time  330 -> Module: Mixed_7c.branch3x3dbl_2.bn
[PROBE-BWD] Time  331 -> Module: Mixed_7c.branch3x3dbl_2.conv
[PROBE-BWD] Time  332 -> Module: relu_relu_89
[PROBE-BWD] Time  333 -> Module: Mixed_7c.branch3x3dbl_1.bn
[PROBE-BWD] Time  334 -> Module: Mixed_7c.branch3x3dbl_1.conv
[PROBE-BWD] Time  335 -> Module: cat_cat_12
[PROBE-BWD] Time  336 -> Module: relu_relu_88
[PROBE-BWD] Time  337 -> Module: Mixed_7c.branch3x3_2b.bn
[PROBE-BWD] Time  338 -> Module: Mixed_7c.branch3x3_2b.conv
[PROBE-BWD] Time  339 -> Module: relu_relu_87
[PROBE-BWD] Time  340 -> Module: Mixed_7c.branch3x3_2a.bn
[PROBE-BWD] Time  341 -> Module: Mixed_7c.branch3x3_2a.conv
[PROBE-BWD] Time  342 -> Module: relu_relu_86
[PROBE-BWD] Time  343 -> Module: Mixed_7c.branch3x3_1.bn
[PROBE-BWD] Time  344 -> Module: Mixed_7c.branch3x3_1.conv
[PROBE-BWD] Time  345 -> Module: relu_relu_85
[PROBE-BWD] Time  346 -> Module: Mixed_7c.branch1x1.bn
[PROBE-BWD] Time  347 -> Module: Mixed_7c.branch1x1.conv
[PROBE-BWD] Time  348 -> Module: cat_cat_11
[PROBE-BWD] Time  349 -> Module: relu_relu_84
[PROBE-BWD] Time  350 -> Module: Mixed_7b.branch_pool.bn
[PROBE-BWD] Time  351 -> Module: Mixed_7b.branch_pool.conv
[PROBE-BWD] Time  352 -> Module: avgpool_avg_pool2d_7
[PROBE-BWD] Time  353 -> Module: cat_cat_10
[PROBE-BWD] Time  354 -> Module: relu_relu_83
[PROBE-BWD] Time  355 -> Module: Mixed_7b.branch3x3dbl_3b.bn
[PROBE-BWD] Time  356 -> Module: Mixed_7b.branch3x3dbl_3b.conv
[PROBE-BWD] Time  357 -> Module: relu_relu_82
[PROBE-BWD] Time  358 -> Module: Mixed_7b.branch3x3dbl_3a.bn
[PROBE-BWD] Time  359 -> Module: Mixed_7b.branch3x3dbl_3a.conv
[PROBE-BWD] Time  360 -> Module: relu_relu_81
[PROBE-BWD] Time  361 -> Module: Mixed_7b.branch3x3dbl_2.bn
[PROBE-BWD] Time  362 -> Module: Mixed_7b.branch3x3dbl_2.conv
[PROBE-BWD] Time  363 -> Module: relu_relu_80
[PROBE-BWD] Time  364 -> Module: Mixed_7b.branch3x3dbl_1.bn
[PROBE-BWD] Time  365 -> Module: Mixed_7b.branch3x3dbl_1.conv
[PROBE-BWD] Time  366 -> Module: cat_cat_9
[PROBE-BWD] Time  367 -> Module: relu_relu_79
[PROBE-BWD] Time  368 -> Module: Mixed_7b.branch3x3_2b.bn
[PROBE-BWD] Time  369 -> Module: Mixed_7b.branch3x3_2b.conv
[PROBE-BWD] Time  370 -> Module: relu_relu_78
[PROBE-BWD] Time  371 -> Module: Mixed_7b.branch3x3_2a.bn
[PROBE-BWD] Time  372 -> Module: Mixed_7b.branch3x3_2a.conv
[PROBE-BWD] Time  373 -> Module: relu_relu_77
[PROBE-BWD] Time  374 -> Module: Mixed_7b.branch3x3_1.bn
[PROBE-BWD] Time  375 -> Module: Mixed_7b.branch3x3_1.conv
[PROBE-BWD] Time  376 -> Module: relu_relu_76
[PROBE-BWD] Time  377 -> Module: Mixed_7b.branch1x1.bn
[PROBE-BWD] Time  378 -> Module: Mixed_7b.branch1x1.conv
[PROBE-BWD] Time  379 -> Module: cat_cat_8
[PROBE-BWD] Time  380 -> Module: maxpool_max_pool2d_1
[PROBE-BWD] Time  381 -> Module: relu_relu_75
[PROBE-BWD] Time  382 -> Module: Mixed_7a.branch7x7x3_4.bn
[PROBE-BWD] Time  383 -> Module: Mixed_7a.branch7x7x3_4.conv
[PROBE-BWD] Time  384 -> Module: relu_relu_74
[PROBE-BWD] Time  385 -> Module: Mixed_7a.branch7x7x3_3.bn
[PROBE-BWD] Time  386 -> Module: Mixed_7a.branch7x7x3_3.conv
[PROBE-BWD] Time  387 -> Module: relu_relu_73
[PROBE-BWD] Time  388 -> Module: Mixed_7a.branch7x7x3_2.bn
[PROBE-BWD] Time  389 -> Module: Mixed_7a.branch7x7x3_2.conv
[PROBE-BWD] Time  390 -> Module: relu_relu_72
[PROBE-BWD] Time  391 -> Module: Mixed_7a.branch7x7x3_1.bn
[PROBE-BWD] Time  392 -> Module: Mixed_7a.branch7x7x3_1.conv
[PROBE-BWD] Time  393 -> Module: relu_relu_71
[PROBE-BWD] Time  394 -> Module: Mixed_7a.branch3x3_2.bn
[PROBE-BWD] Time  395 -> Module: Mixed_7a.branch3x3_2.conv
[PROBE-BWD] Time  396 -> Module: relu_relu_70
[PROBE-BWD] Time  397 -> Module: Mixed_7a.branch3x3_1.bn
[PROBE-BWD] Time  398 -> Module: Mixed_7a.branch3x3_1.conv
[PROBE-BWD] Time  399 -> Module: cat_cat_7
[PROBE-BWD] Time  400 -> Module: relu_relu_69
[PROBE-BWD] Time  401 -> Module: Mixed_6e.branch_pool.bn
[PROBE-BWD] Time  402 -> Module: Mixed_6e.branch_pool.conv
[PROBE-BWD] Time  403 -> Module: avgpool_avg_pool2d_6
[PROBE-BWD] Time  404 -> Module: relu_relu_68
[PROBE-BWD] Time  405 -> Module: Mixed_6e.branch7x7dbl_5.bn
[PROBE-BWD] Time  406 -> Module: Mixed_6e.branch7x7dbl_5.conv
[PROBE-BWD] Time  407 -> Module: relu_relu_67
[PROBE-BWD] Time  408 -> Module: Mixed_6e.branch7x7dbl_4.bn
[PROBE-BWD] Time  409 -> Module: Mixed_6e.branch7x7dbl_4.conv
[PROBE-BWD] Time  410 -> Module: relu_relu_66
[PROBE-BWD] Time  411 -> Module: Mixed_6e.branch7x7dbl_3.bn
[PROBE-BWD] Time  412 -> Module: Mixed_6e.branch7x7dbl_3.conv
[PROBE-BWD] Time  413 -> Module: relu_relu_65
[PROBE-BWD] Time  414 -> Module: Mixed_6e.branch7x7dbl_2.bn
[PROBE-BWD] Time  415 -> Module: Mixed_6e.branch7x7dbl_2.conv
[PROBE-BWD] Time  416 -> Module: relu_relu_64
[PROBE-BWD] Time  417 -> Module: Mixed_6e.branch7x7dbl_1.bn
[PROBE-BWD] Time  418 -> Module: Mixed_6e.branch7x7dbl_1.conv
[PROBE-BWD] Time  419 -> Module: relu_relu_63
[PROBE-BWD] Time  420 -> Module: Mixed_6e.branch7x7_3.bn
[PROBE-BWD] Time  421 -> Module: Mixed_6e.branch7x7_3.conv
[PROBE-BWD] Time  422 -> Module: relu_relu_62
[PROBE-BWD] Time  423 -> Module: Mixed_6e.branch7x7_2.bn
[PROBE-BWD] Time  424 -> Module: Mixed_6e.branch7x7_2.conv
[PROBE-BWD] Time  425 -> Module: relu_relu_61
[PROBE-BWD] Time  426 -> Module: Mixed_6e.branch7x7_1.bn
[PROBE-BWD] Time  427 -> Module: Mixed_6e.branch7x7_1.conv
[PROBE-BWD] Time  428 -> Module: relu_relu_60
[PROBE-BWD] Time  429 -> Module: Mixed_6e.branch1x1.bn
[PROBE-BWD] Time  430 -> Module: Mixed_6e.branch1x1.conv
[PROBE-BWD] Time  431 -> Module: cat_cat_6
[PROBE-BWD] Time  432 -> Module: relu_relu_59
[PROBE-BWD] Time  433 -> Module: Mixed_6d.branch_pool.bn
[PROBE-BWD] Time  434 -> Module: Mixed_6d.branch_pool.conv
[PROBE-BWD] Time  435 -> Module: avgpool_avg_pool2d_5
[PROBE-BWD] Time  436 -> Module: relu_relu_58
[PROBE-BWD] Time  437 -> Module: Mixed_6d.branch7x7dbl_5.bn
[PROBE-BWD] Time  438 -> Module: Mixed_6d.branch7x7dbl_5.conv
[PROBE-BWD] Time  439 -> Module: relu_relu_57
[PROBE-BWD] Time  440 -> Module: Mixed_6d.branch7x7dbl_4.bn
[PROBE-BWD] Time  441 -> Module: Mixed_6d.branch7x7dbl_4.conv
[PROBE-BWD] Time  442 -> Module: relu_relu_56
[PROBE-BWD] Time  443 -> Module: Mixed_6d.branch7x7dbl_3.bn
[PROBE-BWD] Time  444 -> Module: Mixed_6d.branch7x7dbl_3.conv
[PROBE-BWD] Time  445 -> Module: relu_relu_55
[PROBE-BWD] Time  446 -> Module: Mixed_6d.branch7x7dbl_2.bn
[PROBE-BWD] Time  447 -> Module: Mixed_6d.branch7x7dbl_2.conv
[PROBE-BWD] Time  448 -> Module: relu_relu_54
[PROBE-BWD] Time  449 -> Module: Mixed_6d.branch7x7dbl_1.bn
[PROBE-BWD] Time  450 -> Module: Mixed_6d.branch7x7dbl_1.conv
[PROBE-BWD] Time  451 -> Module: relu_relu_53
[PROBE-BWD] Time  452 -> Module: Mixed_6d.branch7x7_3.bn
[PROBE-BWD] Time  453 -> Module: Mixed_6d.branch7x7_3.conv
[PROBE-BWD] Time  454 -> Module: relu_relu_52
[PROBE-BWD] Time  455 -> Module: Mixed_6d.branch7x7_2.bn
[PROBE-BWD] Time  456 -> Module: Mixed_6d.branch7x7_2.conv
[PROBE-BWD] Time  457 -> Module: relu_relu_51
[PROBE-BWD] Time  458 -> Module: Mixed_6d.branch7x7_1.bn
[PROBE-BWD] Time  459 -> Module: Mixed_6d.branch7x7_1.conv
[PROBE-BWD] Time  460 -> Module: relu_relu_50
[PROBE-BWD] Time  461 -> Module: Mixed_6d.branch1x1.bn
[PROBE-BWD] Time  462 -> Module: Mixed_6d.branch1x1.conv
[PROBE-BWD] Time  463 -> Module: cat_cat_5
[PROBE-BWD] Time  464 -> Module: relu_relu_49
[PROBE-BWD] Time  465 -> Module: Mixed_6c.branch_pool.bn
[PROBE-BWD] Time  466 -> Module: Mixed_6c.branch_pool.conv
[PROBE-BWD] Time  467 -> Module: avgpool_avg_pool2d_4
[PROBE-BWD] Time  468 -> Module: relu_relu_48
[PROBE-BWD] Time  469 -> Module: Mixed_6c.branch7x7dbl_5.bn
[PROBE-BWD] Time  470 -> Module: Mixed_6c.branch7x7dbl_5.conv
[PROBE-BWD] Time  471 -> Module: relu_relu_47
[PROBE-BWD] Time  472 -> Module: Mixed_6c.branch7x7dbl_4.bn
[PROBE-BWD] Time  473 -> Module: Mixed_6c.branch7x7dbl_4.conv
[PROBE-BWD] Time  474 -> Module: relu_relu_46
[PROBE-BWD] Time  475 -> Module: Mixed_6c.branch7x7dbl_3.bn
[PROBE-BWD] Time  476 -> Module: Mixed_6c.branch7x7dbl_3.conv
[PROBE-BWD] Time  477 -> Module: relu_relu_45
[PROBE-BWD] Time  478 -> Module: Mixed_6c.branch7x7dbl_2.bn
[PROBE-BWD] Time  479 -> Module: Mixed_6c.branch7x7dbl_2.conv
[PROBE-BWD] Time  480 -> Module: relu_relu_44
[PROBE-BWD] Time  481 -> Module: Mixed_6c.branch7x7dbl_1.bn
[PROBE-BWD] Time  482 -> Module: Mixed_6c.branch7x7dbl_1.conv
[PROBE-BWD] Time  483 -> Module: relu_relu_43
[PROBE-BWD] Time  484 -> Module: Mixed_6c.branch7x7_3.bn
[PROBE-BWD] Time  485 -> Module: Mixed_6c.branch7x7_3.conv
[PROBE-BWD] Time  486 -> Module: relu_relu_42
[PROBE-BWD] Time  487 -> Module: Mixed_6c.branch7x7_2.bn
[PROBE-BWD] Time  488 -> Module: Mixed_6c.branch7x7_2.conv
[PROBE-BWD] Time  489 -> Module: relu_relu_41
[PROBE-BWD] Time  490 -> Module: Mixed_6c.branch7x7_1.bn
[PROBE-BWD] Time  491 -> Module: Mixed_6c.branch7x7_1.conv
[PROBE-BWD] Time  492 -> Module: relu_relu_40
[PROBE-BWD] Time  493 -> Module: Mixed_6c.branch1x1.bn
[PROBE-BWD] Time  494 -> Module: Mixed_6c.branch1x1.conv
[PROBE-BWD] Time  495 -> Module: cat_cat_4
[PROBE-BWD] Time  496 -> Module: relu_relu_39
[PROBE-BWD] Time  497 -> Module: Mixed_6b.branch_pool.bn
[PROBE-BWD] Time  498 -> Module: Mixed_6b.branch_pool.conv
[PROBE-BWD] Time  499 -> Module: avgpool_avg_pool2d_3
[PROBE-BWD] Time  500 -> Module: relu_relu_38
[PROBE-BWD] Time  501 -> Module: Mixed_6b.branch7x7dbl_5.bn
[PROBE-BWD] Time  502 -> Module: Mixed_6b.branch7x7dbl_5.conv
[PROBE-BWD] Time  503 -> Module: relu_relu_37
[PROBE-BWD] Time  504 -> Module: Mixed_6b.branch7x7dbl_4.bn
[PROBE-BWD] Time  505 -> Module: Mixed_6b.branch7x7dbl_4.conv
[PROBE-BWD] Time  506 -> Module: relu_relu_36
[PROBE-BWD] Time  507 -> Module: Mixed_6b.branch7x7dbl_3.bn
[PROBE-BWD] Time  508 -> Module: Mixed_6b.branch7x7dbl_3.conv
[PROBE-BWD] Time  509 -> Module: relu_relu_35
[PROBE-BWD] Time  510 -> Module: Mixed_6b.branch7x7dbl_2.bn
[PROBE-BWD] Time  511 -> Module: Mixed_6b.branch7x7dbl_2.conv
[PROBE-BWD] Time  512 -> Module: relu_relu_34
[PROBE-BWD] Time  513 -> Module: Mixed_6b.branch7x7dbl_1.bn
[PROBE-BWD] Time  514 -> Module: Mixed_6b.branch7x7dbl_1.conv
[PROBE-BWD] Time  515 -> Module: relu_relu_33
[PROBE-BWD] Time  516 -> Module: Mixed_6b.branch7x7_3.bn
[PROBE-BWD] Time  517 -> Module: Mixed_6b.branch7x7_3.conv
[PROBE-BWD] Time  518 -> Module: relu_relu_32
[PROBE-BWD] Time  519 -> Module: Mixed_6b.branch7x7_2.bn
[PROBE-BWD] Time  520 -> Module: Mixed_6b.branch7x7_2.conv
[PROBE-BWD] Time  521 -> Module: relu_relu_31
[PROBE-BWD] Time  522 -> Module: Mixed_6b.branch7x7_1.bn
[PROBE-BWD] Time  523 -> Module: Mixed_6b.branch7x7_1.conv
[PROBE-BWD] Time  524 -> Module: relu_relu_30
[PROBE-BWD] Time  525 -> Module: Mixed_6b.branch1x1.bn
[PROBE-BWD] Time  526 -> Module: Mixed_6b.branch1x1.conv
[PROBE-BWD] Time  527 -> Module: cat_cat_3
[PROBE-BWD] Time  528 -> Module: maxpool_max_pool2d
[PROBE-BWD] Time  529 -> Module: relu_relu_29
[PROBE-BWD] Time  530 -> Module: Mixed_6a.branch3x3dbl_3.bn
[PROBE-BWD] Time  531 -> Module: Mixed_6a.branch3x3dbl_3.conv
[PROBE-BWD] Time  532 -> Module: relu_relu_28
[PROBE-BWD] Time  533 -> Module: Mixed_6a.branch3x3dbl_2.bn
[PROBE-BWD] Time  534 -> Module: Mixed_6a.branch3x3dbl_2.conv
[PROBE-BWD] Time  535 -> Module: relu_relu_27
[PROBE-BWD] Time  536 -> Module: Mixed_6a.branch3x3dbl_1.bn
[PROBE-BWD] Time  537 -> Module: Mixed_6a.branch3x3dbl_1.conv
[PROBE-BWD] Time  538 -> Module: relu_relu_26
[PROBE-BWD] Time  539 -> Module: Mixed_6a.branch3x3.bn
[PROBE-BWD] Time  540 -> Module: Mixed_6a.branch3x3.conv
[PROBE-BWD] Time  541 -> Module: cat_cat_2
[PROBE-BWD] Time  542 -> Module: relu_relu_25
[PROBE-BWD] Time  543 -> Module: Mixed_5d.branch_pool.bn
[PROBE-BWD] Time  544 -> Module: Mixed_5d.branch_pool.conv
[PROBE-BWD] Time  545 -> Module: avgpool_avg_pool2d_2
[PROBE-BWD] Time  546 -> Module: relu_relu_24
[PROBE-BWD] Time  547 -> Module: Mixed_5d.branch3x3dbl_3.bn
[PROBE-BWD] Time  548 -> Module: Mixed_5d.branch3x3dbl_3.conv
[PROBE-BWD] Time  549 -> Module: relu_relu_23
[PROBE-BWD] Time  550 -> Module: Mixed_5d.branch3x3dbl_2.bn
[PROBE-BWD] Time  551 -> Module: Mixed_5d.branch3x3dbl_2.conv
[PROBE-BWD] Time  552 -> Module: relu_relu_22
[PROBE-BWD] Time  553 -> Module: Mixed_5d.branch3x3dbl_1.bn
[PROBE-BWD] Time  554 -> Module: Mixed_5d.branch3x3dbl_1.conv
[PROBE-BWD] Time  555 -> Module: relu_relu_21
[PROBE-BWD] Time  556 -> Module: Mixed_5d.branch5x5_2.bn
[PROBE-BWD] Time  557 -> Module: Mixed_5d.branch5x5_2.conv
[PROBE-BWD] Time  558 -> Module: relu_relu_20
[PROBE-BWD] Time  559 -> Module: Mixed_5d.branch5x5_1.bn
[PROBE-BWD] Time  560 -> Module: Mixed_5d.branch5x5_1.conv
[PROBE-BWD] Time  561 -> Module: relu_relu_19
[PROBE-BWD] Time  562 -> Module: Mixed_5d.branch1x1.bn
[PROBE-BWD] Time  563 -> Module: Mixed_5d.branch1x1.conv
[PROBE-BWD] Time  564 -> Module: cat_cat_1
[PROBE-BWD] Time  565 -> Module: relu_relu_18
[PROBE-BWD] Time  566 -> Module: Mixed_5c.branch_pool.bn
[PROBE-BWD] Time  567 -> Module: Mixed_5c.branch_pool.conv
[PROBE-BWD] Time  568 -> Module: avgpool_avg_pool2d_1
[PROBE-BWD] Time  569 -> Module: relu_relu_17
[PROBE-BWD] Time  570 -> Module: Mixed_5c.branch3x3dbl_3.bn
[PROBE-BWD] Time  571 -> Module: Mixed_5c.branch3x3dbl_3.conv
[PROBE-BWD] Time  572 -> Module: relu_relu_16
[PROBE-BWD] Time  573 -> Module: Mixed_5c.branch3x3dbl_2.bn
[PROBE-BWD] Time  574 -> Module: Mixed_5c.branch3x3dbl_2.conv
[PROBE-BWD] Time  575 -> Module: relu_relu_15
[PROBE-BWD] Time  576 -> Module: Mixed_5c.branch3x3dbl_1.bn
[PROBE-BWD] Time  577 -> Module: Mixed_5c.branch3x3dbl_1.conv
[PROBE-BWD] Time  578 -> Module: relu_relu_14
[PROBE-BWD] Time  579 -> Module: Mixed_5c.branch5x5_2.bn
[PROBE-BWD] Time  580 -> Module: Mixed_5c.branch5x5_2.conv
[PROBE-BWD] Time  581 -> Module: relu_relu_13
[PROBE-BWD] Time  582 -> Module: Mixed_5c.branch5x5_1.bn
[PROBE-BWD] Time  583 -> Module: Mixed_5c.branch5x5_1.conv
[PROBE-BWD] Time  584 -> Module: relu_relu_12
[PROBE-BWD] Time  585 -> Module: Mixed_5c.branch1x1.bn
[PROBE-BWD] Time  586 -> Module: Mixed_5c.branch1x1.conv
[PROBE-BWD] Time  587 -> Module: cat_cat
[PROBE-BWD] Time  588 -> Module: relu_relu_11
[PROBE-BWD] Time  589 -> Module: Mixed_5b.branch_pool.bn
[PROBE-BWD] Time  590 -> Module: Mixed_5b.branch_pool.conv
[PROBE-BWD] Time  591 -> Module: avgpool_avg_pool2d
[PROBE-BWD] Time  592 -> Module: relu_relu_10
[PROBE-BWD] Time  593 -> Module: Mixed_5b.branch3x3dbl_3.bn
[PROBE-BWD] Time  594 -> Module: Mixed_5b.branch3x3dbl_3.conv
[PROBE-BWD] Time  595 -> Module: relu_relu_9
[PROBE-BWD] Time  596 -> Module: Mixed_5b.branch3x3dbl_2.bn
[PROBE-BWD] Time  597 -> Module: Mixed_5b.branch3x3dbl_2.conv
[PROBE-BWD] Time  598 -> Module: relu_relu_8
[PROBE-BWD] Time  599 -> Module: Mixed_5b.branch3x3dbl_1.bn
[PROBE-BWD] Time  600 -> Module: Mixed_5b.branch3x3dbl_1.conv
[PROBE-BWD] Time  601 -> Module: relu_relu_7
[PROBE-BWD] Time  602 -> Module: Mixed_5b.branch5x5_2.bn
[PROBE-BWD] Time  603 -> Module: Mixed_5b.branch5x5_2.conv
[PROBE-BWD] Time  604 -> Module: relu_relu_6
[PROBE-BWD] Time  605 -> Module: Mixed_5b.branch5x5_1.bn
[PROBE-BWD] Time  606 -> Module: Mixed_5b.branch5x5_1.conv
[PROBE-BWD] Time  607 -> Module: relu_relu_5
[PROBE-BWD] Time  608 -> Module: Mixed_5b.branch1x1.bn
[PROBE-BWD] Time  609 -> Module: Mixed_5b.branch1x1.conv
[PROBE-BWD] Time  610 -> Module: maxpool2
[PROBE-BWD] Time  611 -> Module: relu_relu_4
[PROBE-BWD] Time  612 -> Module: Conv2d_4a_3x3.bn
[PROBE-BWD] Time  613 -> Module: Conv2d_4a_3x3.conv
[PROBE-BWD] Time  614 -> Module: relu_relu_3
[PROBE-BWD] Time  615 -> Module: Conv2d_3b_1x1.bn
[PROBE-BWD] Time  616 -> Module: Conv2d_3b_1x1.conv
[PROBE-BWD] Time  617 -> Module: maxpool1
[PROBE-BWD] Time  618 -> Module: relu_relu_2
[PROBE-BWD] Time  619 -> Module: Conv2d_2b_3x3.bn
[PROBE-BWD] Time  620 -> Module: Conv2d_2b_3x3.conv
[PROBE-BWD] Time  621 -> Module: relu_relu_1
[PROBE-BWD] Time  622 -> Module: Conv2d_2a_3x3.bn
[PROBE-BWD] Time  623 -> Module: Conv2d_2a_3x3.conv
[PROBE-BWD] Time  624 -> Module: relu_relu
[PROBE-BWD] Time  625 -> Module: Conv2d_1a_3x3.bn
[PROBE-BWD] Time  626 -> Module: Conv2d_1a_3x3.conv
[HOOK-PROBE] Forward: 18 modules, 19 events
[HOOK-PROBE] Backward: 11 modules, 11 events
[HOOK-PROBE] FWD Conv2d_1a_3x3.bn: 1 events
             - TensorEvent(t=2, tid=1, extract)
[HOOK-PROBE] FWD Conv2d_2a_3x3.conv: 1 events
             - TensorEvent(t=4, tid=1, d2h)
[HOOK-PROBE] FWD Conv2d_2b_3x3.bn: 1 events
             - TensorEvent(t=8, tid=39, extract)
[HOOK-PROBE] FWD Conv2d_2b_3x3.conv: 1 events
             - TensorEvent(t=7, tid=1, wait_d2h)
[HOOK-PROBE] FWD Conv2d_3b_1x1.bn: 1 events
             - TensorEvent(t=12, tid=43, d2h)
[HOOK-PROBE] FWD Conv2d_4a_3x3.bn: 1 events
             - TensorEvent(t=15, tid=79, extract)
[HOOK-PROBE] FWD Conv2d_4a_3x3.conv: 1 events
             - TensorEvent(t=14, tid=39, wait_d2h)
[HOOK-PROBE] FWD Mixed_5b.branch1x1.bn: 1 events
             - TensorEvent(t=19, tid=83, d2h)
[HOOK-PROBE] FWD Mixed_5b.branch3x3dbl_3.conv: 1 events
             - TensorEvent(t=33, tid=43, wait_d2h)
[HOOK-PROBE] FWD Mixed_5d.branch_pool.conv: 2 events
             - TensorEvent(t=83, tid=83, wait_d2h)
             - TensorEvent(t=83, tid=83, h2d)
[HOOK-PROBE] FWD avgpool_avg_pool2d_1: 1 events
             - TensorEvent(t=59, tid=79, wait_d2h)
[HOOK-PROBE] FWD cat_cat_2: 1 events
             - TensorEvent(t=86, tid=5, wait_d2h)
[HOOK-PROBE] FWD maxpool1: 1 events
             - TensorEvent(t=10, tid=39, d2h)
[HOOK-PROBE] FWD maxpool2: 1 events
             - TensorEvent(t=17, tid=79, d2h)
[HOOK-PROBE] FWD relu_relu: 1 events
             - TensorEvent(t=3, tid=5, extract)
[HOOK-PROBE] FWD relu_relu_1: 1 events
             - TensorEvent(t=6, tid=5, d2h)
[HOOK-PROBE] FWD relu_relu_2: 1 events
             - TensorEvent(t=9, tid=43, extract)
[HOOK-PROBE] FWD relu_relu_4: 1 events
             - TensorEvent(t=16, tid=83, extract)
[HOOK-PROBE] BWD Conv2d_1a_3x3.bn: 1 events
             - TensorEvent(t=625, tid=1, wait_h2d)
[HOOK-PROBE] BWD Conv2d_2a_3x3.conv: 1 events
             - TensorEvent(t=623, tid=5, wait_h2d)
[HOOK-PROBE] BWD Conv2d_2b_3x3.bn: 1 events
             - TensorEvent(t=619, tid=39, wait_h2d)
[HOOK-PROBE] BWD Conv2d_4a_3x3.bn: 1 events
             - TensorEvent(t=612, tid=79, wait_h2d)
[HOOK-PROBE] BWD Mixed_7a.branch7x7x3_3.bn: 1 events
             - TensorEvent(t=385, tid=43, h2d)
[HOOK-PROBE] BWD cat_cat_11: 1 events
             - TensorEvent(t=348, tid=79, h2d)
[HOOK-PROBE] BWD cat_cat_6: 1 events
             - TensorEvent(t=431, tid=5, h2d)
[HOOK-PROBE] BWD maxpool1: 1 events
             - TensorEvent(t=617, tid=43, wait_h2d)
[HOOK-PROBE] BWD maxpool2: 1 events
             - TensorEvent(t=610, tid=83, wait_h2d)
[HOOK-PROBE] BWD relu_relu_57: 1 events
             - TensorEvent(t=439, tid=1, h2d)
[HOOK-PROBE] BWD relu_relu_67: 1 events
             - TensorEvent(t=407, tid=39, h2d)
[HOOK] All hooks removed
