[wrap        ] tensor=   1 time=   2
[wrap        ] tensor=   5 time=   3
[execute_d2h ] tensor=   1 time=   4
[execute_d2h ] tensor=   5 time=   6
[wrap        ] tensor=  39 time=   8
[wrap        ] tensor=  43 time=   9
[execute_d2h ] tensor=  39 time=  10
[execute_d2h ] tensor=  43 time=  12
[wrap        ] tensor=  79 time=  15
[wrap        ] tensor=  83 time=  16
[execute_d2h ] tensor=  79 time=  17
[execute_d2h ] tensor=  83 time=  19
[host check  ] tensor=  39 time=  78
[host check  ] tensor=  43 time= 142
[host check  ] tensor=  79 time= 184
[host check  ] tensor=  83 time= 221
[host check  ] tensor=   1 time= 239
[host check  ] tensor=   5 time= 265
[execute_h2d ] tensor=   5 time= 265
[execute_h2d ] tensor=   1 time= 347
[execute_h2d ] tensor=  83 time= 358
[execute_h2d ] tensor=  79 time= 399
[execute_h2d ] tensor=  43 time= 408
[execute_h2d ] tensor=  39 time= 431
