55106
55249
55572
55823
55916
55910
57620
59572
60404
61030
62061
67860
77498
65019
62619
62578
62522
62461
62400
62418
62603
62693
62731
63351
57000
67998
84953
83921
80120
80040
80156
79944
79822
79734
79748
79546
79480
79538
79352
79272
79232
79248
79142
79143
79199
79120
79040
78982
78995
78907
78866
78861
78884
78781
78714
78735
78730
78651
78634
78664
78634
78657
78636
78668
78606
78544
78537
78552
78601
78537
78594
78582
78519
78519
78517
78554
78572
78511
78518
78553
78535
78534
71261
78405
78436
78492
78412
78508
78603
78591
78541
78556
78527
78520
78518
66242
67114
67910
77997
78203
78628
78605
78543
78460
78380
78316
69514
70287
71126
77644
88166
85469
83249
83137
83089
82954
82905
82749
82774
82551
82502
82422
82264
82203
82208
82099
82066
82098
82020
82048
81967
81945
81920
82004
81962
81917
81920
81852
81799
81834
76044
81709
81723
81691
81632
81651
81733
81719
81721
81671
81708
81660
81677
81716
81678
81650
81670
81744
81646
81697
81638
81680
81704
81662
81720
81662
81692
81720
81683
81718
81689
81701
81774
81697
81669
81693
81705
81623
69232
70206
71169
81957
78555
78531
78487
78430
78428
74782
69687
70517
71310
82163
87012
83685
83286
83306
83226
83215
83147
83146
82928
75531
81821
82566
82540
82394
82424
82445
82417
82310
82404
82357
82305
82273
82247
82176
82129
82172
82115
82100
82085
82069
82134
82241
82057
82051
82056
81996
82075
82000
82015
82019
81970
82043
81954
82126
82174
82005
81938
82003
81927
81949
81911
81911
81983
81911
81959
81909
81941
81911
81966
81972
81923
81922
69443
69663
69946
70621
73753
78265
70951
76958
78090
78001
78094
69182
70257
71165
80622
88436
85798
83621
83580
83599
83482
83372
83367
83307
83132
83107
83100
82993
82946
82980
82861
82791
82860
82820
82884
83009
82782
82606
82583
82478
82525
82438
82482
82380
82373
82390
82296
82325
82282
82320
82257
82194
82253
82188
82242
82199
82158
82170
82189
82131
82173
82153
82111
82109
82194
74814
80805
82089
82019
82037
82047
82127
82167
82154
82090
82145
82134
82081
69414
69843
70378
70938
71414
79929
78465
78439
78332
78311
78227
69401
70390
71353
80564
88972
86433
83577
83583
83542
83368
83428
83235
83234
83155
83135
82944
82928
82956
82921
82723
82698
82756
82641
82716
82655
82605
82510
82533
82416
82449
82353
82405
74949
79429
82159
82091
82120
82064
82025
82195
82134
82106
82116
82094
82103
82057
82155
82067
82088
82113
82041
82034
82124
82027
82024
82057
82095
82051
82022
82018
82107
82010
82008
82094
82030
81996
82089
69904
70064
70998
71516
81607
78683
78622
78658
78594
78510
78426
63544
58647
58001
