0
0
110
110
110
110
110
110
110
224
224
224
224
224
224
704
704
704
19308
19322
19364
19368
5346
5346
5346
5346
20556
20556
20556
20556
20556
20556
20556
20556
20556
20556
20556
20556
20556
20556
20556
20556
20556
20556
20556
20556
20556
20556
20556
20556
20556
20556
20556
20556
20556
20556
20556
20556
20556
20556
20556
20556
20556
20556
20556
20556
20556
20556
20556
20556
20556
20556
20556
20556
20556
20556
20556
20556
20556
20556
20556
20556
20556
20556
20556
20556
20556
20556
20556
20556
20556
20556
20556
20556
20556
20556
20556
20556
20556
20556
20556
20556
20556
20556
20556
20556
20556
20556
20556
20556
20556
20556
20556
20556
20556
20556
20556
20556
20556
20556
20556
20556
20556
20556
20556
20556
20556
20556
20556
20556
20556
20556
20556
20556
20556
20556
20556
20556
20556
20556
20556
20556
20556
20556
20556
20556
20556
20556
20556
20556
20556
20556
20556
20556
20556
20556
20556
20556
20556
20556
20556
20556
20556
20556
20556
20556
20556
20556
20556
20556
20556
20556
20556
20556
20556
20556
20556
20556
20556
20556
20556
20556
20556
20556
20556
20556
20556
20556
20556
20556
20556
20556
20556
20556
20556
20556
20556
20556
20556
20556
20556
20556
20556
20556
20556
20556
20556
20556
20556
20556
20556
20556
20556
20556
20556
20556
20556
20556
20556
20556
20556
20556
20556
20556
20556
20556
20556
20556
20556
20556
20556
20556
20556
20556
20556
20556
20556
20556
20556
20556
20556
20556
20556
20556
20556
20556
20556
20556
20556
20556
20556
20556
20556
20556
20556
20556
20556
20556
20556
20556
20556
20556
20556
20556
20556
20556
20556
20556
20556
20556
20556
20556
20556
20556
20556
20556
20556
20556
20556
20556
20556
20556
20556
20556
20556
20556
20556
20556
20556
20556
20556
20556
20556
20556
20556
20556
20556
20556
20556
20556
20556
20556
20556
20556
20556
20556
20556
20556
20556
20556
20556
20556
20556
20556
20556
20556
20556
20556
20556
20556
20556
20556
20556
20556
20556
20556
20556
20556
20556
20556
20556
20556
20556
20556
20556
20556
20556
20556
20556
20556
20556
20556
20556
20556
20556
20556
20556
20556
20556
20556
20556
20556
20556
20556
20556
20556
20556
20556
20556
20556
20556
20556
20556
20556
20556
20556
20556
20556
20556
20556
20556
20556
20556
20556
20556
20556
20556
20556
20556
20556
20556
20556
20556
20556
20556
20556
20556
20556
20556
20556
20556
20556
20556
20556
20556
20556
20556
20556
20556
20556
20556
20556
20556
20556
20556
20556
20556
20556
20556
20556
20556
20556
20556
20556
20556
20556
20556
20556
20556
20556
20556
4788
3414
0
