0.0
0.0
.16
.16
.16
.16
.16
.16
.16
.16
.16
1.07
1.07
1.07
1.07
29.46
29.48
29.54
29.55
8.15
31.07
31.07
31.07
31.07
31.07
31.07
31.07
31.07
31.07
31.07
31.07
31.07
31.07
31.07
31.07
31.07
31.07
31.07
31.07
31.07
31.07
31.07
31.07
31.07
31.07
31.07
31.07
31.07
31.07
31.07
31.07
31.07
31.07
31.07
31.07
31.07
31.07
31.07
31.07
31.07
31.07
31.07
31.07
31.07
31.07
31.07
31.07
31.07
31.07
31.07
31.07
31.07
31.07
31.07
31.07
31.07
31.07
31.07
31.07
31.07
31.07
31.07
31.07
31.07
31.07
31.07
31.07
31.07
31.07
31.07
31.07
31.07
31.07
31.07
31.07
31.07
31.07
31.07
31.07
31.07
31.07
31.07
31.07
31.07
31.07
31.07
31.07
31.07
31.07
31.07
31.07
31.07
31.07
31.07
31.07
31.07
31.07
31.07
31.07
31.07
31.07
31.07
31.07
31.07
31.07
31.07
31.07
31.07
31.07
31.07
31.07
31.07
31.07
31.07
31.07
31.07
31.07
31.07
31.07
31.07
31.07
31.07
31.07
31.07
31.07
31.07
31.07
31.07
31.07
31.07
31.07
31.07
31.07
31.07
31.07
31.07
31.07
31.07
31.07
31.07
31.07
31.07
31.07
31.07
31.07
31.07
31.07
31.07
31.07
31.07
31.07
31.07
31.07
31.07
31.07
31.07
31.07
31.07
31.07
31.07
31.07
31.07
31.07
31.07
31.07
31.07
31.07
31.07
31.07
31.07
31.07
31.07
31.07
31.07
31.07
31.07
31.07
31.07
31.07
31.07
31.07
31.07
31.07
31.07
31.07
31.07
31.07
31.07
31.07
31.07
31.07
31.07
31.07
31.07
31.07
31.07
31.07
31.07
31.07
31.07
31.07
31.07
31.07
31.07
31.07
31.07
31.07
31.07
31.07
31.07
31.07
31.07
31.07
31.07
31.07
31.07
31.07
31.07
31.07
31.07
31.07
31.07
31.07
31.07
31.07
31.07
31.07
31.07
31.07
31.07
31.07
31.07
31.07
31.07
31.07
31.07
31.07
31.07
31.07
31.07
31.07
31.07
31.07
31.07
31.07
31.07
31.07
31.07
31.07
31.07
31.07
31.07
31.07
31.07
31.07
31.07
31.07
31.07
31.07
31.07
31.07
31.07
31.07
31.07
31.07
31.07
31.07
31.07
31.07
31.07
31.07
31.07
31.07
31.07
31.07
31.07
31.07
31.07
31.07
31.07
31.07
31.07
31.07
31.07
31.07
31.07
31.07
31.07
31.07
31.07
31.07
31.07
31.07
