0
0
110
110
110
110
110
110
110
110
110
704
704
704
704
19308
19322
19364
19368
5346
20366
20366
20366
20366
20366
20366
20366
20366
20366
20366
20366
20366
20366
20366
20366
20366
20366
20366
20366
20366
20366
20366
20366
20366
20366
20366
20366
20366
20366
20366
20366
20366
20366
20366
20366
20366
20366
20366
20366
20366
20366
20366
20366
20366
20366
20366
20366
20366
20366
20366
20366
20366
20366
20366
20366
20366
20366
20366
20366
20366
20366
20366
20366
20366
20366
20366
20366
20366
20366
20366
20366
20366
20366
20366
20366
20366
20366
20366
20366
20366
20366
20366
20366
20366
20366
20366
20366
20366
20366
20366
20366
20366
20366
20366
20366
20366
20366
20366
20366
20366
20366
20366
20366
20366
20366
20366
20366
20366
20366
20366
20366
20366
20366
20366
20366
20366
20366
20366
20366
20366
20366
20366
20366
20366
20366
20366
20366
20366
20366
20366
20366
20366
20366
20366
20366
20366
20366
20366
20366
20366
20366
20366
20366
20366
20366
20366
20366
20366
20366
20366
20366
20366
20366
20366
20366
20366
20366
20366
20366
20366
20366
20366
20366
20366
20366
20366
20366
20366
20366
20366
20366
20366
20366
20366
20366
20366
20366
20366
20366
20366
20366
20366
20366
20366
20366
20366
20366
20366
20366
20366
20366
20366
20366
20366
20366
20366
20366
20366
20366
20366
20366
20366
20366
20366
20366
20366
20366
20366
20366
20366
20366
20366
20366
20366
20366
20366
20366
20366
20366
20366
20366
20366
20366
20366
20366
20366
20366
20366
20366
20366
20366
20366
20366
20366
20366
20366
20366
20366
20366
20366
20366
20366
20366
20366
20366
20366
20366
20366
20366
20366
20366
20366
20366
20366
20366
20366
20366
20366
20366
20366
20366
20366
20366
20366
20366
20366
20366
20366
20366
20366
20366
20366
20366
20366
20366
20366
20366
20366
20366
20366
20366
20366
20366
20366
20366
20366
20366
20366
20366
20366
20366
20366
20366
