47756
47899
48205
48476
48510
48534
50190
52192
53042
53213
53233
54059
53747
53747
53755
53849
53909
54206
54358
54567
57203
58226
58401
55406
57012
58403
58238
55556
56926
58217
58417
55724
56342
57902
58419
55409
56710
58313
58415
55427
57183
57790
58403
55396
57149
57851
58394
55422
56980
58399
58405
55563
57175
58394
56374
57787
58393
56056
57689
58391
55389
57123
58391
58387
58395
55585
56963
58382
58080
58387
55783
57245
57872
58379
55379
55536
57014
58392
55393
56091
57537
58399
55393
56355
58154
58400
55727
57324
58389
55389
57045
58383
58050
55998
57488
58392
55385
56479
58247
58381
55893
57276
58396
55433
56991
58414
55416
56225
58417
58410
55764
57420
58419
55411
56744
57842
58416
55616
57002
58374
55411
56614
58403
55408
56517
58039
58418
55409
56693
58355
58435
55825
57323
58419
55532
56819
58411
58418
55600
56552
58246
56353
55411
56150
57030
58414
58420
55413
55412
56801
58173
58415
55528
57677
58397
55598
57341
58396
55443
56689
58277
58428
55827
57180
58418
55421
56190
58039
58418
56130
57881
58424
55881
57419
58029
58416
55556
56019
57805
58416
55413
56748
58076
58419
55520
57280
58439
55432
56433
57842
58424
55425
55949
55307
57688
58322
57811
57526
57602
58405
58057
57339
58097
57866
58399
57973
57514
57524
58395
57949
57550
57968
58387
57737
57755
57749
58413
58066
56022
57544
58420
58792
55789
57149
58637
58793
55785
56564
57789
58784
58784
56531
57945
58778
55786
57094
58374
58782
55768
56969
58609
58777
58816
55791
56915
58505
58700
58775
55868
57197
58786
55786
57238
58720
58781
55987
57390
57882
58776
55761
56777
58622
55757
56361
57911
58641
58755
56168
57767
58742
55767
57410
58569
58756
56004
57796
58747
55752
56769
57373
58766
55754
55755
56452
57986
58753
55755
57290
58747
55746
56622
58307
58736
55740
57423
58748
55738
56758
58345
58768
55919
57322
58747
58229
56433
58393
55731
56445
57516
58858
58165
56299
58042
58867
