13094
13194
13260
13568
13829
13946
13958
13968
16702
18527
19793
34763
34887
32013
32095
32083
35172
35344
35509
35580
35638
35596
32558
32873
33815
34443
33602
34663
35410
35314
33358
32365
33577
34062
34898
35145
35159
32110
35089
32080
33415
34326
42281
42193
42166
39144
40094
41134
42166
42219
42210
42199
42201
39456
40456
41515
42185
42180
42069
39166
39334
40360
40290
41065
42198
42161
41970
39139
39936
41195
42044
42112
42109
39119
42107
39107
39778
40477
41456
42102
42099
42098
39101
39810
40730
42001
41621
42069
42072
40269
39269
40034
41122
42054
42057
39048
39047
39087
39050
40074
41187
42030
34689
39593
38918
38957
39810
39883
39611
40613
40546
39929
40458
41568
41994
41994
41999
38998
39745
41212
42028
41693
42013
41986
42017
42011
39019
39747
40706
41498
42000
42010
39003
39047
39958
39452
40937
41766
41979
41982
38981
39196
40312
41057
41977
41985
38977
41501
42016
42013
39001
39271
40076
40667
41138
41791
41976
41982
38981
41979
38981
39453
40418
41446
41970
41976
32562
35871
40682
41789
41864
41858
41850
41983
39017
39912
40719
41580
41987
41993
38985
39164
39687
40662
40069
41105
41991
41990
41991
38991
39877
41273
41979
41983
38982
41974
39600
40558
41615
41972
41980
38974
39252
39023
28294
29233
32222
36613
36597
36584
36574
36533
36492
28120
28696
29334
30027
44789
46974
44453
44409
44366
44304
41260
42348
35884
41184
43834
40781
40911
41954
42882
42453
43103
43572
43550
42466
40494
41166
41785
42489
43371
43364
40916
43321
40304
41112
42119
43253
43250
43257
43256
40254
40864
42036
43154
41429
41738
42555
43128
43203
43182
40185
40840
41609
42601
43165
43160
42471
43233
43169
43170
40160
40153
41612
42815
35820
42481
40021
40012
39991
40348
41435
42399
42974
43057
40044
40420
41351
42519
43032
43026
43020
40016
40072
41211
42002
42991
42988
42984
39987
40858
41691
42872
42966
42969
41188
40355
41490
42329
42956
42956
39959
40093
41089
41942
41538
42277
42957
42964
39958
40351
41360
42190
42962
42968
42954
39984
39955
40937
41865
42765
42949
42946
40235
40949
40356
38848
42843
42858
42854
39852
40481
41817
42445
42962
42970
39967
40909
41817
42627
42955
42961
42962
42956
39962
41224
41984
42948
42955
42944
40272
41135
40585
40631
41557
42128
42944
42951
39946
40671
41673
42325
42947
42949
39943
42939
39943
40916
41959
42761
42941
42942
39941
40683
41759
42779
42934
42936
42939
42936
39937
40295
34170
39531
42820
42829
42838
42673
39885
40017
40031
28054
28881
29702
37851
36641
36623
36613
36599
36574
27904
28602
29315
30113
45422
44400
42823
43155
43546
44049
44970
44844
44792
41744
44784
44752
41984
42376
43544
44356
44536
44444
41413
41383
42735
43918
43435
44446
44364
41352
41353
42053
42836
43483
43997
44134
41118
41211
41109
41173
41776
35145
42386
43563
43878
43870
40864
41295
42312
43324
43785
43145
43988
43926
43918
40920
41608
42324
42901
43658
43902
43895
40892
43879
40878
42036
42870
43886
43858
43856
40847
41384
42615
43210
43811
43331
43803
43800
43346
40919
41902
42805
43469
43771
43770
40777
41070
40923
41612
42385
43103
43783
43781
43773
40782
41478
42327
43309
43754
43623
43782
40770
41758
35230
42651
43650
43653
40652
41738
42722
43417
42744
43490
43745
43749
40747
41131
42222
43083
43746
43752
40741
41204
40769
41524
42391
43418
43777
43769
40820
40762
41712
42810
43755
43760
43750
43750
40753
41132
42065
43097
43741
43744
40741
40922
42256
43623
43111
43654
43733
43742
40734
35670
41225
42396
43148
43656
43657
40787
43785
40768
41088
41828
42576
43655
43749
43752
40757
41753
42928
43758
43756
43751
43753
40755
41446
42151
43204
43753
43753
43748
40979
41489
43010
42630
43308
43753
43764
43749
28251
28662
29424
32120
37752
36894
29529
36043
36642
36588
28696
28323
28901
29692
35300
47170
45100
44920
44870
44274
44754
44800
44722
41652
42101
42779
43340
43891
44431
44332
44299
44260
44243
44194
41170
41571
42477
43380
44053
44056
44017
41012
41555
42288
42285
43177
43934
43967
43899
43901
40860
40864
41385
42558
43107
43851
43573
43792
40786
40847
41931
42904
43823
43762
38680
43709
43627
42330
42928
40923
41738
42185
43360
43746
43686
43678
40670
41066
41887
42646
42190
43165
43652
43647
43641
40644
41205
42322
43368
43621
43625
40620
40615
40615
41186
41987
43003
43604
43603
43605
40666
42024
42918
43606
43595
43629
43616
40617
41429
42276
43561
43615
40622
40700
41379
42285
35707
39380
43519
43529
40518
40793
41637
42847
43644
43618
40619
41309
42480
42414
43457
43606
43599
40848
42027
42987
43626
43626
40625
41590
41312
42076
42976
43603
43605
43593
40631
41634
42563
43277
43595
43596
43592
43340
40592
41155
41944
42846
43587
43596
43589
40634
40802
40621
41536
41035
41918
43112
43606
43600
43599
40601
41215
42205
43134
43598
43525
39338
40499
40950
41899
42755
43510
43634
43638
40635
41346
42252
43588
42969
43609
43607
40608
41034
42150
43194
43594
43591
40596
27769
28639
29458
32902
36621
36616
36600
36583
36547
36515
28297
29015
29797
35457
48578
48165
45661
44818
45584
45506
45430
45378
45292
42226
42414
43306
42305
43265
44072
45008
39226
41309
41710
41658
42224
43252
44410
44632
44615
44561
44523
41502
41469
42659
43580
44307
44423
44399
41371
41356
41342
41624
42846
43738
44300
44302
44282
41284
41643
42241
42906
43481
44313
44223
44258
44252
41254
41366
41861
42376
43077
43843
44310
44243
44276
44257
41256
42356
43311
44242
44236
44235
33887
38584
42266
42954
43687
42886
43980
44234
44215
41200
41891
42748
43443
44200
44198
41193
41317
41191
41838
42888
43983
44190
44191
41195
41759
42677
43736
44180
44182
44179
44175
41175
41739
42998
43954
44171
44178
41175
41454
42346
43141
42907
43693
44167
44175
41170
41792
42729
43640
44180
44176
44175
41178
44174
41253
42553
43517
44162
44165
41165
34414
40877
43282
44102
44105
44092
44235
41222
41222
42106
43241
44089
44181
44179
41202
42082
43195
42765
43754
44183
44179
41184
41540
42080
43339
44183
44182
41177
41681
41522
42788
43748
44170
44170
41172
41342
42208
42835
43724
44159
41168
44163
41168
41417
41862
42605
43256
44180
44187
44183
41177
41276
42291
43177
42920
42781
43032
27978
22687
26168
35292
36685
36659
36637
36617
36724
29433
23255
23088
22617
