0.0
0.0
0.0
0.0
.16
.16
.16
.16
.25
.32
.32
1.05
1.05
1.05
1.05
29.44
29.46
29.53
29.53
29.54
29.54
29.54
29.54
29.54
29.54
29.54
29.54
29.54
29.54
29.54
29.54
29.54
29.54
29.54
29.54
29.54
29.54
29.54
29.54
29.54
29.54
29.54
29.54
29.54
29.54
29.54
29.54
29.54
29.54
29.54
29.54
29.54
29.54
29.54
29.54
29.54
29.54
29.54
29.54
29.54
29.54
29.54
29.54
29.54
29.54
29.54
29.54
29.54
29.54
29.54
29.54
29.54
29.54
29.54
29.54
29.54
29.54
29.54
29.54
29.54
29.54
29.54
29.54
29.54
29.54
29.54
29.54
29.54
29.54
29.54
29.55
29.55
29.55
29.55
29.55
29.55
29.55
29.55
29.55
29.55
29.55
29.55
29.55
29.55
29.55
29.55
29.55
29.55
29.55
29.55
29.55
29.55
29.55
29.55
29.55
29.55
29.55
29.55
29.55
29.55
29.55
29.55
29.55
29.55
29.55
29.55
29.55
29.55
29.55
29.55
29.55
29.55
29.55
29.55
29.55
29.55
29.55
29.55
29.55
29.55
29.55
29.55
29.55
29.55
29.55
29.55
29.55
29.55
29.55
29.55
29.55
29.55
29.55
29.55
29.55
29.55
29.55
29.55
29.55
29.55
29.55
29.55
29.55
29.55
29.55
29.55
29.55
29.55
29.55
29.55
29.55
29.55
29.55
29.55
29.55
29.55
29.55
29.55
29.55
29.55
29.55
29.55
29.55
29.55
29.55
29.55
29.55
29.55
29.55
29.55
29.55
29.55
29.55
29.55
29.55
29.55
29.55
29.55
29.55
29.55
29.55
29.55
29.55
29.55
29.55
29.55
29.55
29.55
29.55
29.55
29.55
29.55
29.55
29.55
29.55
29.55
29.55
29.55
29.55
29.55
29.55
29.55
29.55
29.55
29.55
29.55
29.55
29.55
29.55
29.55
29.55
29.55
29.55
29.55
29.55
29.55
29.55
29.55
29.55
29.55
29.55
29.55
29.55
29.55
29.55
29.55
29.55
29.55
29.55
29.55
29.55
29.55
29.55
29.55
29.55
29.55
29.55
29.55
29.55
29.55
29.55
29.55
29.55
29.55
29.55
29.55
29.55
29.55
29.55
29.55
29.55
29.55
29.55
29.55
29.55
29.55
29.55
29.55
29.55
29.55
29.55
29.55
29.55
29.55
29.55
29.55
29.55
29.55
29.55
29.55
29.55
29.55
29.55
29.55
29.55
29.55
29.55
29.55
29.55
29.55
29.55
29.55
29.55
29.55
29.55
29.55
29.55
29.55
29.55
29.55
29.55
29.55
29.55
29.55
29.55
29.55
29.55
29.55
29.55
29.55
29.55
29.55
29.55
29.55
29.55
29.55
29.55
29.55
29.55
29.55
29.55
29.55
29.55
29.55
29.55
29.55
29.55
29.55
29.55
29.55
29.55
29.55
29.55
29.55
29.55
29.55
29.55
29.55
29.55
29.55
29.55
29.55
29.55
29.55
29.55
29.55
29.55
29.55
29.55
29.55
29.55
29.55
29.55
29.55
29.55
29.55
29.55
29.55
29.55
29.55
29.55
29.55
29.55
29.55
29.55
29.55
29.55
29.55
29.55
29.55
29.55
29.55
29.55
29.55
29.55
29.55
29.55
29.55
29.55
29.55
29.55
29.55
29.55
29.55
29.55
29.55
29.55
29.55
3.40
3.40
0.0
