0.0
0.0
.16
.16
.16
.16
.16
.16
.16
.34
.34
.34
.34
.34
.34
1.07
1.07
1.07
29.46
29.48
29.54
29.55
8.15
8.15
8.15
8.15
31.36
31.36
31.36
31.36
31.36
31.36
31.36
31.36
31.36
31.36
31.36
31.36
31.36
31.36
31.36
31.36
31.36
31.36
31.36
31.36
31.36
31.36
31.36
31.36
31.36
31.36
31.36
31.36
31.36
31.36
31.36
31.36
31.36
31.36
31.36
31.36
31.36
31.36
31.36
31.36
31.36
31.36
31.36
31.36
31.36
31.36
31.36
31.36
31.36
31.36
31.36
31.36
31.36
31.36
31.36
31.36
31.36
31.36
31.36
31.36
31.36
31.36
31.36
31.36
31.36
31.36
31.36
31.36
31.36
31.36
31.36
31.36
31.36
31.36
31.36
31.36
31.36
31.36
31.36
31.36
31.36
31.36
31.36
31.36
31.36
31.36
31.36
31.36
31.36
31.36
31.36
31.36
31.36
31.36
31.36
31.36
31.36
31.36
31.36
31.36
31.36
31.36
31.36
31.36
31.36
31.36
31.36
31.36
31.36
31.36
31.36
31.36
31.36
31.36
31.36
31.36
31.36
31.36
31.36
31.36
31.36
31.36
31.36
31.36
31.36
31.36
31.36
31.36
31.36
31.36
31.36
31.36
31.36
31.36
31.36
31.36
31.36
31.36
31.36
31.36
31.36
31.36
31.36
31.36
31.36
31.36
31.36
31.36
31.36
31.36
31.36
31.36
31.36
31.36
31.36
31.36
31.36
31.36
31.36
31.36
31.36
31.36
31.36
31.36
31.36
31.36
31.36
31.36
31.36
31.36
31.36
31.36
31.36
31.36
31.36
31.36
31.36
31.36
31.36
31.36
31.36
31.36
31.36
31.36
31.36
31.36
31.36
31.36
31.36
31.36
31.36
31.36
31.36
31.36
31.36
31.36
31.36
31.36
31.36
31.36
31.36
31.36
31.36
31.36
31.36
31.36
31.36
31.36
31.36
31.36
31.36
31.36
31.36
31.36
31.36
31.36
31.36
31.36
31.36
31.36
31.36
31.36
31.36
31.36
31.36
31.36
31.36
31.36
31.36
31.36
31.36
31.36
31.36
31.36
31.36
31.36
31.36
31.36
31.36
31.36
31.36
31.36
31.36
31.36
31.36
31.36
31.36
31.36
31.36
31.36
31.36
31.36
31.36
31.36
31.36
31.36
31.36
31.36
31.36
31.36
31.36
31.36
31.36
31.36
31.36
31.36
31.36
31.36
31.36
31.36
31.36
31.36
31.36
31.36
31.36
31.36
31.36
31.36
31.36
31.36
31.36
31.36
31.36
31.36
31.36
31.36
31.36
31.36
31.36
31.36
31.36
31.36
31.36
31.36
31.36
31.36
31.36
31.36
31.36
31.36
31.36
31.36
31.36
31.36
31.36
31.36
31.36
31.36
31.36
31.36
31.36
31.36
31.36
31.36
31.36
31.36
31.36
31.36
31.36
31.36
31.36
31.36
31.36
31.36
31.36
31.36
31.36
31.36
31.36
31.36
31.36
31.36
31.36
31.36
31.36
31.36
31.36
31.36
31.36
31.36
31.36
31.36
31.36
31.36
31.36
31.36
31.36
31.36
31.36
31.36
31.36
31.36
31.36
31.36
31.36
31.36
31.36
31.36
31.36
31.36
31.36
31.36
31.36
31.36
31.36
31.36
31.36
31.36
31.36
31.36
31.36
31.36
31.36
31.36
31.36
31.36
31.36
31.36
31.36
31.36
31.36
31.36
31.36
31.36
31.36
31.36
31.36
31.36
31.36
31.36
31.36
31.36
31.36
31.36
31.36
7.30
5.20
0.0
