0
0
0
0
110
110
110
110
170
212
212
692
692
692
692
19298
19310
19354
19358
19360
19360
19360
19360
19360
19360
19360
19360
19360
19360
19360
19360
19360
19360
19360
19360
19360
19360
19360
19360
19360
19360
19360
19360
19360
19360
19360
19360
19360
19360
19360
19360
19360
19360
19360
19360
19360
19360
19360
19360
19360
19360
19360
19360
19360
19360
19360
19360
19360
19360
19360
19360
19360
19360
19360
19360
19360
19360
19360
19360
19360
19360
19360
19360
19360
19360
19360
19360
19360
19360
19360
19372
19372
19372
19372
19372
19372
19372
19372
19372
19372
19372
19372
19372
19372
19372
19372
19372
19372
19372
19372
19372
19372
19372
19372
19372
19372
19372
19372
19372
19372
19372
19372
19372
19372
19372
19372
19372
19372
19372
19372
19372
19372
19372
19372
19372
19372
19372
19372
19372
19372
19372
19372
19372
19372
19372
19372
19372
19372
19372
19372
19372
19372
19372
19372
19372
19372
19372
19372
19372
19372
19372
19372
19372
19372
19372
19372
19372
19372
19372
19372
19372
19372
19372
19372
19372
19372
19372
19372
19372
19372
19372
19372
19372
19372
19372
19372
19372
19372
19372
19372
19372
19372
19372
19372
19372
19372
19372
19372
19372
19372
19372
19372
19372
19372
19372
19372
19372
19372
19372
19372
19372
19372
19372
19372
19372
19372
19372
19372
19372
19372
19372
19372
19372
19372
19372
19372
19372
19372
19372
19372
19372
19372
19372
19372
19372
19372
19372
19372
19372
19372
19372
19372
19372
19372
19372
19372
19372
19372
19372
19372
19372
19372
19372
19372
19372
19372
19372
19372
19372
19372
19372
19372
19372
19372
19372
19372
19372
19372
19372
19372
19372
19372
19372
19372
19372
19372
19372
19372
19372
19372
19372
19372
19372
19372
19372
19372
19372
19372
19372
19372
19372
19372
19372
19372
19372
19372
19372
19372
19372
19372
19372
19372
19372
19372
19372
19372
19372
19372
19372
19372
19372
19372
19372
19372
19372
19372
19372
19372
19372
19372
19372
19372
19372
19372
19372
19372
19372
19372
19372
19372
19372
19372
19372
19372
19372
19372
19372
19372
19372
19372
19372
19372
19372
19372
19372
19372
19372
19372
19372
19372
19372
19372
19372
19372
19372
19372
19372
19372
19372
19372
19372
19372
19372
19372
19372
19372
19372
19372
19372
19372
19372
19372
19372
19372
19372
19372
19372
19372
19372
19372
19372
19372
19372
19372
19372
19372
19372
19372
19372
19372
19372
19372
19372
19372
19372
19372
19372
19372
2230
2230
0
