20518
20612
20676
20952
21256
21359
21390
22174
24638
26570
29248
40246
39204
39254
39241
39386
39464
39668
39756
39869
39871
39908
39888
39839
39852
39794
39813
39744
32419
38101
39526
39536
39540
39478
39637
39592
39611
39574
39561
39523
39494
39497
39453
39431
39420
39411
39393
39370
39362
39356
39348
39335
39326
39317
39303
39304
39304
39291
39281
39276
39266
39259
39257
39252
39251
39249
39244
39235
39243
39265
39253
39243
39233
39228
39223
39217
39212
39204
39206
39204
28712
28169
28670
29418
35815
29238
35726
36394
36376
36343
27715
28657
29524
32845
45358
42837
41844
41871
41761
41738
41665
41577
41533
41482
41459
41354
41311
41255
41242
41238
41204
41156
41190
41163
41093
41063
41023
40988
40960
40912
40881
40847
40825
40803
40769
40764
40706
40692
40670
40650
40630
40618
33240
38180
40428
40412
40390
40380
40379
40493
40486
40459
40447
40443
40433
40429
40422
40417
40414
40409
40408
40407
40403
40440
40430
40427
40241
28368
28961
29792
40162
36668
36633
36617
36598
36559
27966
28824
29665
35166
45005
44316
41969
41898
41885
41844
41721
41697
41605
41565
41551
41420
41417
41376
41300
41281
41210
41231
33852
38976
40914
40905
40861
40786
40762
40855
40826
40761
40740
40708
40689
40665
40638
40623
40609
40593
40583
40575
40603
40584
40573
40557
40557
40538
40526
40518
40513
40511
40507
40505
40499
40486
40484
40471
40466
40458
40461
40461
40460
40453
40446
40437
40433
30039
28589
29433
30209
36967
36963
36930
36894
36842
36802
28425
29207
29772
30369
44074
41742
41780
34389
41534
41483
41350
41308
41222
41327
41310
41273
41178
41145
41083
41059
40996
41013
40897
40899
40887
40800
40786
40772
40742
40723
40693
40671
40647
40637
40619
40601
40576
40559
40546
40528
40517
40502
40481
40473
40462
40454
40443
40431
40422
40442
40504
40492
40483
40478
40472
40463
40455
40453
40449
40444
40441
39048
36121
40296
40288
40282
40273
34251
28305
28788
29513
32341
36869
36882
36860
36831
36796
36777
28346
29159
29709
30287
43074
43392
41929
41860
41827
41716
41703
41664
41566
41527
41461
41450
41362
41353
41330
41301
41232
41231
41184
41166
41107
41114
41014
41010
40955
40921
40889
40865
40838
40820
40786
40766
40753
40739
40724
40705
34177
40521
40503
40474
40447
40436
40561
40548
40523
40507
40496
40491
40483
40477
40472
40498
40481
40476
40475
40470
40467
40464
40457
40457
40452
40443
29421
28610
29360
30560
40661
37182
37182
37163
37115
37068
36991
28265
23534
23029
